id,event_name,total_area,total_heat,total_pm25,total_pm10,total_pm,total_co,total_co2,total_ch4,total_nmhc,total_nox,total_nh3,total_so2,total_voc,total_bc,total_h2,total_nmoc,total_no,total_no2,total_oc,total_tpc,total_tpm
SF11E1600994,,3191.852657,106200217505.29324,96.198613,113.51435800000002,0,980.326125,20172.548773000002,51.25892399999999,0,28.814271,16.389555,12.087829,235.59980199999998,0,0,0,0,0,0,0,0
