id,event_name,total_area,total_heat,total_pm25,total_pm10,total_pm,total_co,total_co2,total_ch4,total_nmhc,total_nox,total_nh3,total_so2,total_voc,total_bc,total_h2,total_nmoc,total_no,total_no2,total_oc,total_tpc,total_tpm
558,,14000.0,3264425987747.127,14568.396793999995,17190.70821,0,178559.13228700001,1503286.2562630002,8507.727303000001,0,1345.84514,2909.4340220000004,1008.391539,41823.113989,0,0,0,0,0,0,0,0
