id,event_id,latitude,longitude,type,area,date_time,slope,state,country,fips,scc,fuel_1hr,fuel_10hr,fuel_100hr,fuel_1khr,fuel_10khr,fuel_gt10khr,shrub,grass,rot,duff,litter,moisture_1hr,moisture_10hr,moisture_100hr,moisture_1khr,moisture_live,moisture_duff,consumption_flaming,consumption_smoldering,consumption_residual,consumption_duff,min_wind,max_wind,min_wind_aloft,max_wind_aloft,min_humid,max_humid,min_temp,max_temp,min_temp_hour,max_temp_hour,sunrise_hour,sunset_hour,snow_month,rain_days,VEG,canopy,event_name,fccs_number
SF11C1736234-6432886710,SF11E1600994,36.676,-96.464,RX,3191.852657,201104050000-06:00,10.0,OK,USA,40113,2810015000,0.4,0.2,0.0,0.0,0.0,0.0,0.27,2.1,0.0,0.0,0.9,10.0,12.0,12.0,22.0,130.0,150.0,3.64986483062,0.214515194734,0.0,0.0,6.0,6.0,6.0,6.0,40.0,80.0,13.0,30.0,4,14,6,18,5,8,Tall fescue - Foxtail - Purple bluestem grassland,0.54,Flint Hills,133
